
> my-app@0.0.0 build
> tsc -b && vite build

[36mvite v7.3.0 [32mbuilding client environment for production...[36m[39m
transforming...
[32mΓ£ô[39m 3251 modules transformed.
rendering chunks...
computing gzip size...
[2mdist/[22m[32mindex.html                 [39m[1m[2m    0.40 kB[22m[1m[22m[2m Γöé gzip:   0.27 kB[22m
[2mdist/[22m[35massets/index-71jryI7i.css  [39m[1m[2m  109.74 kB[22m[1m[22m[2m Γöé gzip:  17.94 kB[22m
[2mdist/[22m[36massets/index-Bzts1QQL.js   [39m[1m[33m1,498.56 kB[39m[22m[2m Γöé gzip: 396.95 kB[22m
node.exe : [33m
At line:1 char:1
+ & "C:\Program 
Files\nodejs/node.exe" 
"C:\Program 
Files\nodejs/node_mo ...
+ ~~~~~~~~~~~~~~~~~~~~~~~~~~~~
~~~~~~~~~~~~~~~~~~~~~~~~~~~~~~
~~~~~~~~~~~
    + CategoryInfo          : 
    NotSpecified: ([33m:Str  
  ing) [], RemoteException
    + FullyQualifiedErrorId : 
    NativeCommandError
 
(!) Some chunks are larger 
than 500 kB after 
minification. Consider:
- Using dynamic import() to 
code-split the application
- Use build.rollupOptions.outp
ut.manualChunks to improve 
chunking: https://rollupjs.org
/configuration-options/#output
-manualchunks
- Adjust chunk size limit for 
this warning via build.chunkSi
zeWarningLimit.[39m
[32mΓ£ô built in 14.53s[39m
